# Test to construct empty graph
created graph graph0